Archive member included to satisfy reference by file (symbol)

../../simpleio/libio.a(simpleio.o)
                              kernel.o (cls)
../../simpleio/libio.a(serial.o)
                              ../../simpleio/libio.a(simpleio.o) (serial_putc)

Memory Configuration

Name             Origin             Length             Attributes
*default*        0x0000000000000000 0xffffffffffffffff

Linker script and memory map

                0x0000000000100000                . = 0x100000

.rodata.str1.4  0x0000000000100000       0x6c
 .rodata.str1.4
                0x0000000000100000       0x6c kernel.o
                                         0x6b (size before relaxing)

.rodata.str1.1  0x000000000010006c       0x62
 .rodata.str1.1
                0x000000000010006c       0x5b kernel.o
 .rodata.str1.1
                0x00000000001000c7        0x7 ../../simpleio/libio.a(simpleio.o)

.eh_frame       0x00000000001000d0      0x240
 .eh_frame      0x00000000001000d0       0xa8 kernel.o
 .eh_frame      0x0000000000100178      0x198 ../../simpleio/libio.a(simpleio.o)
                                        0x1b0 (size before relaxing)

.text           0x0000000000101000     0x18e8
                0x0000000000101000                _text_start = .
 *(.multiboot)
 *(.text)
 .text          0x0000000000101000      0x169 init.o
                0x0000000000101000                entry
 .text          0x0000000000101169       0xe9 kernel.o
                0x0000000000101169                kernel
 .text          0x0000000000101252      0x4a5 ../../simpleio/libio.a(simpleio.o)
                0x00000000001012f6                setVideo
                0x0000000000101300                setWindow
                0x000000000010134e                setAttr
                0x0000000000101358                cls
                0x00000000001013dc                putchar
                0x00000000001014ff                puts
                0x000000000010152c                printf
 .text          0x00000000001016f7       0x2b ../../simpleio/libio.a(serial.o)
                0x00000000001016f7                serial_putc
                0x0000000000101722                _text_end = .
 *(.rodata)
 *fill*         0x0000000000101722        0x2 
 .rodata        0x0000000000101724       0xb0 ../../simpleio/libio.a(simpleio.o)
 *(.data)
 *fill*         0x00000000001017d4       0x2c 
 .data          0x0000000000101800     0x10c6 init.o
 .data          0x00000000001028c6        0x0 kernel.o
 *fill*         0x00000000001028c6        0x2 
 .data          0x00000000001028c8       0x10 ../../simpleio/libio.a(simpleio.o)
 .data          0x00000000001028d8        0x0 ../../simpleio/libio.a(serial.o)
                0x00000000001028d8                _start_bss = .
 *(COMMON)
 *(.bss)
 .bss           0x00000000001028d8        0x0 init.o
 .bss           0x00000000001028d8        0x0 kernel.o
 .bss           0x00000000001028d8       0x10 ../../simpleio/libio.a(simpleio.o)
 .bss           0x00000000001028e8        0x0 ../../simpleio/libio.a(serial.o)
                0x00000000001028e8                _end_bss = .

.init
 *(.initdata)
LOAD init.o
LOAD kernel.o
LOAD ../../simpleio/libio.a
OUTPUT(kernel elf32-i386)

.comment        0x0000000000000000       0x2d
 .comment       0x0000000000000000       0x2d kernel.o
                                         0x2e (size before relaxing)
 .comment       0x000000000000002d       0x2e ../../simpleio/libio.a(simpleio.o)

.note.GNU-stack
                0x0000000000000000        0x0
 .note.GNU-stack
                0x0000000000000000        0x0 kernel.o
 .note.GNU-stack
                0x0000000000000000        0x0 ../../simpleio/libio.a(simpleio.o)
